<html>
<body>
<pre>
<h1>µVision Build Log</h1>
<h2>Tool Versions:</h2>
IDE-Version: ¦ÌVision V5.25.2.0
Copyright (C) 2018 ARM Ltd and ARM Germany GmbH. All rights reserved.
License Information: d dd21, d, LIC=TIVNB-2ZLPB-63BMB-2ECZ3-CILF8-295F6
 
Tool Versions:
Toolchain:       MDK-ARM Plus  Version: 5.25.2.0
Toolchain Path:  D:\software\Keil_v525\ARM\ARMCC\Bin
C Compiler:      Armcc.exe V5.06 update 6 (build 750)
Assembler:       Armasm.exe V5.06 update 6 (build 750)
Linker/Locator:  ArmLink.exe V5.06 update 6 (build 750)
Library Manager: ArmAr.exe V5.06 update 6 (build 750)
Hex Converter:   FromElf.exe V5.06 update 6 (build 750)
CPU DLL:         SARMCM3.DLL V5.25.2.0
Dialog DLL:      DCM.DLL V1.17.1.0
Target DLL:      STLink\ST-LINKIII-KEIL_SWO.dll V3.0.1.0
Dialog DLL:      TCM.DLL V1.35.1.0
 
<h2>Project:</h2>
E:\STM32-Basic\L4\HAL\HAL¿âÄ£°å¹¤³Ì\Project\MDK-ARM\Project.uvprojx
Project File Date:  06/24/2024

<h2>Output:</h2>
*** Using Compiler 'V5.06 update 6 (build 750)', folder: 'D:\software\Keil_v525\ARM\ARMCC\Bin'
Build target 'Project'
assembling startup_stm32l431xx.s...
compiling main.c...
compiling gpio.c...
compiling stm32l4xx_hal_msp.c...
compiling tim.c...
compiling stm32l4xx_it.c...
compiling usart.c...
compiling stm32l4xx_hal.c...
compiling stm32l4xx_hal_tim_ex.c...
compiling stm32l4xx_hal_rcc.c...
compiling stm32l4xx_hal_rcc_ex.c...
compiling stm32l4xx_hal_tim.c...
compiling stm32l4xx_hal_flash_ramfunc.c...
compiling stm32l4xx_hal_flash.c...
compiling stm32l4xx_hal_flash_ex.c...
compiling stm32l4xx_hal_gpio.c...
compiling stm32l4xx_hal_i2c.c...
compiling stm32l4xx_hal_i2c_ex.c...
compiling stm32l4xx_hal_dma_ex.c...
compiling stm32l4xx_hal_dma.c...
compiling stm32l4xx_hal_pwr.c...
compiling stm32l4xx_hal_cortex.c...
compiling stm32l4xx_hal_pwr_ex.c...
compiling stm32l4xx_hal_exti.c...
compiling stm32l4xx_hal_uart_ex.c...
compiling system_stm32l4xx.c...
compiling queue.c...
compiling soft_tim.c...
compiling stm32l4xx_hal_uart.c...
compiling u2print.c...
linking...
Program Size: Code=11828 RO-data=500 RW-data=24 ZI-data=2232  
FromELF: creating hex file...
"Project\Project.axf" - 0 Error(s), 0 Warning(s).

<h2>Software Packages used:</h2>

Package Vendor: ARM
                http://www.keil.com/pack/ARM.CMSIS.5.3.0.pack
                ARM.CMSIS.5.3.0
                CMSIS (Cortex Microcontroller Software Interface Standard)
   * Component: CORE Version: 5.1.1

Package Vendor: Keil
                http://www.keil.com/pack/Keil.STM32L4xx_DFP.2.6.1.pack
                Keil.STM32L4xx_DFP.2.6.1
                STMicroelectronics STM32L4 Series Device Support, Drivers and Examples

<h2>Collection of Component include folders:</h2>
  .\RTE\_Project
  D:\software\Keil_v525\ARM\PACK\ARM\CMSIS\5.3.0\CMSIS\Include
  D:\software\Keil_v525\ARM\PACK\Keil\STM32L4xx_DFP\2.6.1\Drivers\CMSIS\Device\ST\STM32L4xx\Include

<h2>Collection of Component Files used:</h2>

   * Component: ARM::CMSIS:CORE:5.1.1
Build Time Elapsed:  00:00:44
</pre>
</body>
</html>
